[ 1/29] 2019q1     95.9 MB  fetched
[ 2/29] 2019q2     90.2 MB  fetched
[ 3/29] 2019q3     89.8 MB  fetched
[ 4/29] 2019q4     98.8 MB  fetched
[ 5/29] 2020q1     96.6 MB  fetched
[ 6/29] 2020q2     82.0 MB  fetched
[ 7/29] 2020q3     87.6 MB  fetched
[ 8/29] 2020q4     89.8 MB  fetched
[ 9/29] 2021q1     97.9 MB  fetched
[10/29] 2021q2     90.9 MB  fetched
[11/29] 2021q3     97.3 MB  fetched
[12/29] 2021q4    102.6 MB  fetched
[13/29] 2022q1    103.7 MB  fetched
[14/29] 2022q2     97.1 MB  fetched
[15/29] 2022q3     97.6 MB  fetched
[16/29] 2022q4    111.1 MB  fetched
[17/29] 2023q1    114.0 MB  fetched
[18/29] 2023q2    116.9 MB  fetched
[19/29] 2023q3    117.8 MB  fetched
[20/29] 2023q4    120.3 MB  fetched
[21/29] 2024q1    124.3 MB  cached
[22/29] 2024q2    119.1 MB  cached
[23/29] 2024q3    118.3 MB  fetched
[24/29] 2024q4    122.9 MB  fetched
[25/29] 2025q1    127.8 MB  fetched
[26/29] 2025q2     79.0 MB  fetched
[27/29] 2025q3    127.8 MB  fetched
[28/29] 2025q4     65.8 MB  fetched
[29/29] 2026q1     85.3 MB  fetched

done: 29/29 archives, 2.97 GB, 167s
